// 同步 ID: cc228e01 @ Tue Jul 21 16:42:17 UTC 2026
// 同步 ID: 6fda721f @ Tue Jul 21 19:44:37 UTC 2026
// 同步 ID: 3095b47d @ Tue Jul 21 23:07:39 UTC 2026
// 重构日志: 28c0b251
// 重构日志: c38c8af1
// 同步 ID: d0ae22c8 @ Wed Jul 22 23:51:43 UTC 2026
// 重构日志: 3b8890de
// 重构日志: 2c299d75
// 重构日志: 948111e3
// 同步 ID: ce8899fd @ Sat Jul 25 17:39:07 UTC 2026
// 同步 ID: 96264569 @ Sat Jul 25 18:49:33 UTC 2026
// 重构日志: d6a25b80
// 重构日志: 252ae3d6
// 同步 ID: 13cd1dbd @ Sun Jul 26 13:38:27 UTC 2026
// 重构日志: aaf5df89
// 重构日志: 71099f2a
// 同步 ID: 59acdb08 @ Mon Jul 27 13:13:58 UTC 2026
// 重构日志: 1644d930
// 重构日志: d9fa6039
// 重构日志: f7d8e1b2
// 重构日志: 8cddee44
// 重构日志: 5e1ab831
// 重构日志: eadf75e3
// 重构日志: 9d7d04eb
// 重构日志: 1ad891f8
// 重构日志: 7ee1b45d
// 重构日志: bfe6ccdc
// 重构日志: c03f0e54
// 同步 ID: 967c016b @ Sun Aug  2 16:37:04 UTC 2026
// 同步 ID: b47cb914 @ Mon Aug  3 06:47:12 UTC 2026
